// Jest Snapshot v1, https://goo.gl/fbAQLP

exports[`<SelectTagPreview> snapshots renders correctly 1`] = `
<span>
  <select
    defaultValue=""
    onInput={[Function]}
  >
    <option
      value="random"
    >
      Random
    </option>
    <option
      value="strings"
    >
      Strings
    </option>
    <option
      value="Current Issue"
    >
      Current Issue
    </option>
  </select>
  
</span>
`;
