// Jest Snapshot v1, https://goo.gl/fbAQLP

exports[`<SelectTagPreview> snapshots renders correctly 1`] = `
<span>
  <select
    defaultValue=""
    onInput={[Function]}
  >
    <option
      value="Current Issue"
    >
      Current Issue
    </option>
    <option
      value="opinion"
    >
      Opinion
    </option>
    <option
      value="reaction"
    >
      Reaction
    </option>
    <option
      value="news"
    >
      News
    </option>
    <option
      value="other"
    >
      Other
    </option>
  </select>
  
</span>
`;
