// Jest Snapshot v1, https://goo.gl/fbAQLP

exports[`<ModifiableUserInfoContainer> snapshots should have both checked if both are true 1`] = `null`;

exports[`<ModifiableUserInfoContainer> snapshots should have none checked if both are false 1`] = `null`;

exports[`<ModifiableUserInfoContainer> snapshots should have notifications checked if notifications is true 1`] = `null`;

exports[`<ModifiableUserInfoContainer> snapshots should have twoFactor checked if twoFactor is true 1`] = `null`;
