// Jest Snapshot v1, https://goo.gl/fbAQLP

exports[`<ChangePasswordContainer> snapshots should render correctly 1`] = `
<section
  className="container "
>
  <h1>
    Change Password
  </h1>
  <form
    onSubmit={[Function]}
  >
    <label>
      New Password: 
      <input
        name="newPasswordConfirmation"
        onBlur={[Function]}
        pattern="^(?=.*[a-z])(?=.*[A-Z])(?=.*\\\\d)(?=.*).{6,}$"
        required={true}
        type="password"
      />
      <span
        className="danger"
      >
        *
      </span>
    </label>
    <label>
      Confirm Password: 
      <input
        name="newPassword"
        onBlur={[Function]}
        pattern="^(?=.*[a-z])(?=.*[A-Z])(?=.*\\\\d)(?=.*).{6,}$"
        required={true}
        type="password"
      />
      <span
        className="danger"
      >
        *
      </span>
    </label>
    <label>
      Old Password: 
      <input
        name="password"
        onBlur={[Function]}
        pattern="^(?=.*[a-z])(?=.*[A-Z])(?=.*\\\\d)(?=.*).{6,}$"
        required={true}
        type="password"
      />
      <span
        className="danger"
      >
        *
      </span>
    </label>
    <input
      type="submit"
      value="Change Password"
    />
  </form>
</section>
`;
